STEP to UG
! INFO-     NX STEP AP214 - V2406.1700
! INFO-      
! INFO-     Start of Translation: 5-SEP-2026  1:21:20 AM
! INFO-      
! STATUS-   Converting Part: C:\Program Files\Siemens\NX2406\UGOPEN\SampleNXOpenApplications\DotNet\CAMSetupImport\sample\library\parts\sim_final2.stp
! SUMMARY-   
! SUMMARY-    STEP Header Information
! SUMMARY-   
! SUMMARY-  Description      Unknown
! SUMMARY-  Imp_Level        2;1
! SUMMARY-  File_Name        sim_final2.stp
! SUMMARY-  Date             2017-07-06T09:28:55+02:00
! SUMMARY-  Author           Unknown
! SUMMARY-  Organization     Unknown
! SUMMARY-  Pre_Version      ST-DEVELOPER v16.7
! SUMMARY-  Orig_System      SIEMENS PLM Software NX 12.0
! SUMMARY-  Authorization    Unknown
! SUMMARY-  Schema_ID        automotive_design
! SUMMARY-   
! SUMMARY-    Summary of STEP Entities
! SUMMARY-   
! SUMMARY-  Entity Type                                                   Count
! SUMMARY-  -----------                                                   ------
! SUMMARY-  advanced_face ..............................................:     31
! SUMMARY-  application_context ........................................:      1
! SUMMARY-  axis2_placement_3d .........................................:     52
! SUMMARY-  cartesian_point ............................................:    147
! SUMMARY-  circle .....................................................:     20
! SUMMARY-  closed_shell ...............................................:      1
! SUMMARY-  conical_surface ............................................:      2
! SUMMARY-  conversion_based_unit_and_plane_angle_unit .................:      1
! SUMMARY-  cylindrical_surface ........................................:      9
! SUMMARY-  dimensional_exponents ......................................:      1
! SUMMARY-  direction ..................................................:    151
! SUMMARY-  edge_curve .................................................:     67
! SUMMARY-  edge_loop ..................................................:     41
! SUMMARY-  face_bound .................................................:     19
! SUMMARY-  face_outer_bound ...........................................:     22
! SUMMARY-  geometric_representation_context_and_global_uncertainty_a ..:      1
! SUMMARY-  length_unit_and_si_unit ....................................:      1
! SUMMARY-  line .......................................................:     47
! SUMMARY-  manifold_solid_brep ........................................:      1
! SUMMARY-  oriented_edge ..............................................:    134
! SUMMARY-  plane ......................................................:     20
! SUMMARY-  plane_angle_measure_with_unit ..............................:      1
! SUMMARY-  plane_angle_unit_and_si_unit ...............................:      1
! SUMMARY-  product ....................................................:      1
! SUMMARY-  product_context ............................................:      1
! SUMMARY-  product_definition .........................................:      1
! SUMMARY-  product_definition_context .................................:      1
! SUMMARY-  product_definition_formation_with_specified_source .........:      1
! SUMMARY-  product_definition_shape ...................................:      1
! SUMMARY-  product_related_product_category ...........................:      1
! SUMMARY-  si_unit_and_solid_angle_unit ...............................:      1
! SUMMARY-  uncertainty_measure_with_unit ..............................:      1
! SUMMARY-  vector .....................................................:     47
! SUMMARY-  vertex_point ...............................................:     48
! SUMMARY-                                                               -------
! SUMMARY-  Total                                                            875
! STATUS-    
! STATUS-   Converting to Output Form (Phase 2 of 3): 5-SEP-2026 1:21:20 AM
! STATUS-    
! STATUS-    
! STATUS-   Generating UG geometry and placing them in parts
! STATUS-    
! STATUS-   Creating the UG part (Phase 3 of 3): 5-SEP-2026  1:21:20 AM
! INFO-     Filing Part ..: C:\Users\21505\Code\nx-vibe-v2\samples\camprobe-steprebuild-20260905-012104_1.prt
! SUMMARY-   
! SUMMARY-  Summary of Unigraphics Part Entities
! SUMMARY-   
! SUMMARY-  Entities Processed             Count
! SUMMARY-  ------------------             -----
! SUMMARY-  Solid/Sheet .................:     1
! SUMMARY-                                 -----
! SUMMARY-  Total                              1
! INFO-      
! INFO-     Total number of solids input for this translation       :         1
! INFO-      
! INFO-     Number of solids created without body validation faults :         1
! INFO-      
! INFO-     Number of solids created with body validation fault(s)  :         0
! INFO-      
! INFO-     Number of solids ending up as sheet bodies              :         0
! INFO-      
! INFO-     End of Translation: 5-SEP-2026  1:21:20 AM
! INFO-      
STEP to UG
! WARNING-  No parts in current input file
