STEP to UG
! INFO-     NX STEP AP214 - V2406.1700
! INFO-      
! INFO-     Start of Translation: 5-SEP-2026  12:59:55 AM
! INFO-      
! STATUS-   Converting Part: C:\Users\21505\Code\nx-vibe-v2\samples\probe-box-214.step
! SUMMARY-   
! SUMMARY-    STEP Header Information
! SUMMARY-   
! SUMMARY-  Description      CamProbeStepRebuild 鎵嬪啓鏂瑰潡 100x80x40
! SUMMARY-  Imp_Level        2;1
! SUMMARY-  File_Name        probe-box-214.step
! SUMMARY-  Date             2026-09-05T00:00:00
! SUMMARY-  Author           Unknown
! SUMMARY-  Organization     Unknown
! SUMMARY-  Pre_Version      CamProbeStepRebuild
! SUMMARY-  Orig_System      Unknown
! SUMMARY-  Authorization    Unknown
! SUMMARY-  Schema_ID        automotive_design
! SUMMARY-   
! SUMMARY-    Summary of STEP Entities
! SUMMARY-   
! SUMMARY-  Entity Type                                                   Count
! SUMMARY-  -----------                                                   ------
! SUMMARY-  advanced_face ..............................................:      6
! SUMMARY-  application_context ........................................:      1
! SUMMARY-  axis2_placement_3d .........................................:      6
! SUMMARY-  cartesian_point ............................................:      8
! SUMMARY-  closed_shell ...............................................:      1
! SUMMARY-  direction ..................................................:      6
! SUMMARY-  edge_curve .................................................:     12
! SUMMARY-  edge_loop ..................................................:      6
! SUMMARY-  face_outer_bound ...........................................:      6
! SUMMARY-  geometric_representation_context_and_global_uncertainty_a ..:      1
! SUMMARY-  length_unit_and_si_unit ....................................:      1
! SUMMARY-  line .......................................................:     12
! SUMMARY-  manifold_solid_brep ........................................:      1
! SUMMARY-  oriented_edge ..............................................:     24
! SUMMARY-  plane ......................................................:      6
! SUMMARY-  plane_angle_unit_and_si_unit ...............................:      1
! SUMMARY-  product ....................................................:      1
! SUMMARY-  product_context ............................................:      1
! SUMMARY-  product_definition .........................................:      1
! SUMMARY-  product_definition_context .................................:      1
! SUMMARY-  product_definition_formation_with_specified_source .........:      1
! SUMMARY-  product_definition_shape ...................................:      1
! SUMMARY-  product_related_product_category ...........................:      1
! SUMMARY-  si_unit_and_solid_angle_unit ...............................:      1
! SUMMARY-  uncertainty_measure_with_unit ..............................:      1
! SUMMARY-  vertex_point ...............................................:      8
! SUMMARY-                                                               -------
! SUMMARY-  Total                                                            115
! STATUS-    
! STATUS-   Converting to Output Form (Phase 2 of 3): 5-SEP-2026 12:59:55 AM
! STATUS-    
! INFO-     Processing of step_manifold_solid_brep failed in new workflow 
! INFO-      
! STATUS-    
! STATUS-   Generating UG geometry and placing them in parts
! STATUS-    
! STATUS-   Creating the UG part (Phase 3 of 3): 5-SEP-2026  12:59:55 AM
! INFO-     Filing Part ..: C:\Users\21505\Code\nx-vibe-v2\samples\camprobe-steprebuild-20260905-005939_1.prt
! SUMMARY-   
! SUMMARY-  Summary of Unigraphics Part Entities
! SUMMARY-   
! SUMMARY-  Entities Processed             Count
! SUMMARY-  ------------------             -----
! SUMMARY-                                 -----
! SUMMARY-  Total                              0
! INFO-      
! INFO-     Total number of solids input for this translation       :         0
! INFO-      
! INFO-     Number of solids created without body validation faults :         0
! INFO-      
! INFO-     Number of solids created with body validation fault(s)  :         0
! INFO-      
! INFO-     Number of solids ending up as sheet bodies              :         0
! INFO-      
! INFO-     End of Translation: 5-SEP-2026  12:59:55 AM
! INFO-      
STEP to UG
! INFO-     NX STEP AP214 - V2406.1700
! INFO-      
! INFO-     Start of Translation: 5-SEP-2026  1:00:12 AM
! INFO-      
! STATUS-   Converting Part: C:\Users\21505\Code\nx-vibe-v2\samples\probe-box-214.step
! SUMMARY-   
! SUMMARY-    STEP Header Information
! SUMMARY-   
! SUMMARY-  Description      CamProbeStepRebuild 鎵嬪啓鏂瑰潡 100x80x40
! SUMMARY-  Imp_Level        2;1
! SUMMARY-  File_Name        probe-box-214.step
! SUMMARY-  Date             2026-09-05T00:00:00
! SUMMARY-  Author           Unknown
! SUMMARY-  Organization     Unknown
! SUMMARY-  Pre_Version      CamProbeStepRebuild
! SUMMARY-  Orig_System      Unknown
! SUMMARY-  Authorization    Unknown
! SUMMARY-  Schema_ID        automotive_design
! SUMMARY-   
! SUMMARY-    Summary of STEP Entities
! SUMMARY-   
! SUMMARY-  Entity Type                                                   Count
! SUMMARY-  -----------                                                   ------
! SUMMARY-  advanced_face ..............................................:      6
! SUMMARY-  application_context ........................................:      1
! SUMMARY-  axis2_placement_3d .........................................:      6
! SUMMARY-  cartesian_point ............................................:      8
! SUMMARY-  closed_shell ...............................................:      1
! SUMMARY-  direction ..................................................:      6
! SUMMARY-  edge_curve .................................................:     12
! SUMMARY-  edge_loop ..................................................:      6
! SUMMARY-  face_outer_bound ...........................................:      6
! SUMMARY-  geometric_representation_context_and_global_uncertainty_a ..:      1
! SUMMARY-  length_unit_and_si_unit ....................................:      1
! SUMMARY-  line .......................................................:     12
! SUMMARY-  manifold_solid_brep ........................................:      1
! SUMMARY-  oriented_edge ..............................................:     24
! SUMMARY-  plane ......................................................:      6
! SUMMARY-  plane_angle_unit_and_si_unit ...............................:      1
! SUMMARY-  product ....................................................:      1
! SUMMARY-  product_context ............................................:      1
! SUMMARY-  product_definition .........................................:      1
! SUMMARY-  product_definition_context .................................:      1
! SUMMARY-  product_definition_formation_with_specified_source .........:      1
! SUMMARY-  product_definition_shape ...................................:      1
! SUMMARY-  product_related_product_category ...........................:      1
! SUMMARY-  si_unit_and_solid_angle_unit ...............................:      1
! SUMMARY-  uncertainty_measure_with_unit ..............................:      1
! SUMMARY-  vertex_point ...............................................:      8
! SUMMARY-                                                               -------
! SUMMARY-  Total                                                            115
! STATUS-    
! STATUS-   Converting to Output Form (Phase 2 of 3): 5-SEP-2026 1:00:13 AM
! STATUS-    
! INFO-     Processing of step_manifold_solid_brep failed in new workflow 
! INFO-      
! STATUS-    
! STATUS-   Generating UG geometry and placing them in parts
! STATUS-    
! STATUS-   Creating the UG part (Phase 3 of 3): 5-SEP-2026  1:00:13 AM
! INFO-     Filing Part ..: C:\Users\21505\Code\nx-vibe-v2\samples\camprobe-steprebuild-20260905-005939_1.prt
! SUMMARY-   
! SUMMARY-  Summary of Unigraphics Part Entities
! SUMMARY-   
! SUMMARY-  Entities Processed             Count
! SUMMARY-  ------------------             -----
! SUMMARY-                                 -----
! SUMMARY-  Total                              0
! INFO-      
! INFO-     Total number of solids input for this translation       :         0
! INFO-      
! INFO-     Number of solids created without body validation faults :         0
! INFO-      
! INFO-     Number of solids created with body validation fault(s)  :         0
! INFO-      
! INFO-     Number of solids ending up as sheet bodies              :         0
! INFO-      
! INFO-     End of Translation: 5-SEP-2026  1:00:13 AM
! INFO-      
STEP to UG
! WARNING-  No parts in current input file
